// Jest Snapshot v1, https://goo.gl/fbAQLP

exports[`should render Header correctly 1`] = `
<header>
  <div>
    <h1>
      Expense Manager
    </h1>
    <nav>
      <NavLink
        activeClassName="is-active"
        aria-current="page"
        exact={true}
        to="/"
      >
        Home
      </NavLink>
      <NavLink
        activeClassName="is-active"
        aria-current="page"
        to="/create"
      >
        Create expense
      </NavLink>
      <NavLink
        activeClassName="is-active"
        aria-current="page"
        to="/help"
      >
        Help
      </NavLink>
    </nav>
  </div>
</header>
`;
