// Jest Snapshot v1, https://goo.gl/fbAQLP

exports[`should render LoginPage correctly 1`] = `
ShallowWrapper {
  Symbol(enzyme.__root__): [Circular],
  Symbol(enzyme.__unrendered__): <LoginPage />,
  Symbol(enzyme.__renderer__): Object {
    "batchedUpdates": [Function],
    "getNode": [Function],
    "render": [Function],
    "simulateError": [Function],
    "simulateEvent": [Function],
    "unmount": [Function],
  },
  Symbol(enzyme.__node__): Object {
    "instance": null,
    "key": undefined,
    "nodeType": "host",
    "props": Object {
      "children": <div
        className="box-layout__box"
      >
        <h1
          className="box-layout__title"
        >
          Expense Manager
        </h1>
        <p>
          Have your expenses under control.
        </p>
        <h3>
          Login with
        </h3>
        <button
          className="button button--wide button--secondary"
          id="login-google"
          title="Google"
        >
          <FaGoogle />
        </button>
        <button
          className="button button--wide button--tertiary"
          id="login-github"
          title="GitHub"
        >
          <FaGithub />
        </button>
      </div>,
      "className": "box-layout",
    },
    "ref": null,
    "rendered": Object {
      "instance": null,
      "key": undefined,
      "nodeType": "host",
      "props": Object {
        "children": Array [
          <h1
            className="box-layout__title"
          >
            Expense Manager
          </h1>,
          <p>
            Have your expenses under control.
          </p>,
          <h3>
            Login with
          </h3>,
          <button
            className="button button--wide button--secondary"
            id="login-google"
            title="Google"
          >
            <FaGoogle />
          </button>,
          <button
            className="button button--wide button--tertiary"
            id="login-github"
            title="GitHub"
          >
            <FaGithub />
          </button>,
        ],
        "className": "box-layout__box",
      },
      "ref": null,
      "rendered": Array [
        Object {
          "instance": null,
          "key": undefined,
          "nodeType": "host",
          "props": Object {
            "children": "Expense Manager",
            "className": "box-layout__title",
          },
          "ref": null,
          "rendered": "Expense Manager",
          "type": "h1",
        },
        Object {
          "instance": null,
          "key": undefined,
          "nodeType": "host",
          "props": Object {
            "children": "Have your expenses under control.",
          },
          "ref": null,
          "rendered": "Have your expenses under control.",
          "type": "p",
        },
        Object {
          "instance": null,
          "key": undefined,
          "nodeType": "host",
          "props": Object {
            "children": "Login with",
          },
          "ref": null,
          "rendered": "Login with",
          "type": "h3",
        },
        Object {
          "instance": null,
          "key": undefined,
          "nodeType": "host",
          "props": Object {
            "children": <FaGoogle />,
            "className": "button button--wide button--secondary",
            "id": "login-google",
            "onClick": undefined,
            "title": "Google",
          },
          "ref": null,
          "rendered": Object {
            "instance": null,
            "key": undefined,
            "nodeType": "function",
            "props": Object {},
            "ref": null,
            "rendered": null,
            "type": [Function],
          },
          "type": "button",
        },
        Object {
          "instance": null,
          "key": undefined,
          "nodeType": "host",
          "props": Object {
            "children": <FaGithub />,
            "className": "button button--wide button--tertiary",
            "id": "login-github",
            "onClick": undefined,
            "title": "GitHub",
          },
          "ref": null,
          "rendered": Object {
            "instance": null,
            "key": undefined,
            "nodeType": "function",
            "props": Object {},
            "ref": null,
            "rendered": null,
            "type": [Function],
          },
          "type": "button",
        },
      ],
      "type": "div",
    },
    "type": "div",
  },
  Symbol(enzyme.__nodes__): Array [
    Object {
      "instance": null,
      "key": undefined,
      "nodeType": "host",
      "props": Object {
        "children": <div
          className="box-layout__box"
        >
          <h1
            className="box-layout__title"
          >
            Expense Manager
          </h1>
          <p>
            Have your expenses under control.
          </p>
          <h3>
            Login with
          </h3>
          <button
            className="button button--wide button--secondary"
            id="login-google"
            title="Google"
          >
            <FaGoogle />
          </button>
          <button
            className="button button--wide button--tertiary"
            id="login-github"
            title="GitHub"
          >
            <FaGithub />
          </button>
        </div>,
        "className": "box-layout",
      },
      "ref": null,
      "rendered": Object {
        "instance": null,
        "key": undefined,
        "nodeType": "host",
        "props": Object {
          "children": Array [
            <h1
              className="box-layout__title"
            >
              Expense Manager
            </h1>,
            <p>
              Have your expenses under control.
            </p>,
            <h3>
              Login with
            </h3>,
            <button
              className="button button--wide button--secondary"
              id="login-google"
              title="Google"
            >
              <FaGoogle />
            </button>,
            <button
              className="button button--wide button--tertiary"
              id="login-github"
              title="GitHub"
            >
              <FaGithub />
            </button>,
          ],
          "className": "box-layout__box",
        },
        "ref": null,
        "rendered": Array [
          Object {
            "instance": null,
            "key": undefined,
            "nodeType": "host",
            "props": Object {
              "children": "Expense Manager",
              "className": "box-layout__title",
            },
            "ref": null,
            "rendered": "Expense Manager",
            "type": "h1",
          },
          Object {
            "instance": null,
            "key": undefined,
            "nodeType": "host",
            "props": Object {
              "children": "Have your expenses under control.",
            },
            "ref": null,
            "rendered": "Have your expenses under control.",
            "type": "p",
          },
          Object {
            "instance": null,
            "key": undefined,
            "nodeType": "host",
            "props": Object {
              "children": "Login with",
            },
            "ref": null,
            "rendered": "Login with",
            "type": "h3",
          },
          Object {
            "instance": null,
            "key": undefined,
            "nodeType": "host",
            "props": Object {
              "children": <FaGoogle />,
              "className": "button button--wide button--secondary",
              "id": "login-google",
              "onClick": undefined,
              "title": "Google",
            },
            "ref": null,
            "rendered": Object {
              "instance": null,
              "key": undefined,
              "nodeType": "function",
              "props": Object {},
              "ref": null,
              "rendered": null,
              "type": [Function],
            },
            "type": "button",
          },
          Object {
            "instance": null,
            "key": undefined,
            "nodeType": "host",
            "props": Object {
              "children": <FaGithub />,
              "className": "button button--wide button--tertiary",
              "id": "login-github",
              "onClick": undefined,
              "title": "GitHub",
            },
            "ref": null,
            "rendered": Object {
              "instance": null,
              "key": undefined,
              "nodeType": "function",
              "props": Object {},
              "ref": null,
              "rendered": null,
              "type": [Function],
            },
            "type": "button",
          },
        ],
        "type": "div",
      },
      "type": "div",
    },
  ],
  Symbol(enzyme.__options__): Object {
    "adapter": ReactSixteenAdapter {
      "options": Object {
        "enableComponentDidUpdateOnSetState": true,
        "lifecycles": Object {
          "componentDidUpdate": Object {
            "onSetState": true,
          },
          "getDerivedStateFromProps": true,
          "getSnapshotBeforeUpdate": true,
          "setState": Object {
            "skipsComponentDidUpdateOnNullish": true,
          },
        },
      },
    },
    "attachTo": undefined,
    "hydrateIn": undefined,
  },
}
`;
